Input #0, mov,mp4,m4a,3gp,3g2,mj2, from 'F:\pnpline-landing\hero-section-video\blockout\blockout-master-v002\preview\master-v002.mp4':
  Metadata:
    major_brand     : isom
    minor_version   : 512
    compatible_brands: isomiso2avc1mp41
    encoder         : Lavf61.7.100
  Duration: 00:01:56.08, start: 0.000000, bitrate: 486 kb/s
  Stream #0:0[0x1](und): Video: h264 (High) (avc1 / 0x31637661), yuv420p(tv, unknown/bt709/iec61966-2-1, progressive), 768x432 [SAR 1:1 DAR 16:9], 485 kb/s, 12 fps, 12 tbr, 12288 tbn (default)
      Metadata:
        handler_name    : VideoHandler
        vendor_id       : [0][0][0][0]
        encoder         : Lavc61.19.100 libx264
Stream mapping:
  Stream #0:0 -> #0:0 (h264 (native) -> h264 (libx264))
Press [q] to stop, [?] for help
[libx264 @ 0000020bb7e54340] using SAR=1/1
[libx264 @ 0000020bb7e54340] using cpu capabilities: MMX2 SSE2Fast SSSE3 SSE4.2 AVX FMA3 BMI2 AVX2 AVX512
[libx264 @ 0000020bb7e54340] profile High, level 2.2, 4:2:0, 8-bit
[libx264 @ 0000020bb7e54340] 264 - core 164 r3192 c24e06c - H.264/MPEG-4 AVC codec - Copyleft 2003-2024 - http://www.videolan.org/x264.html - options: cabac=1 ref=3 deblock=1:0:0 analyse=0x3:0x113 me=hex subme=7 psy=1 psy_rd=1.00:0.00 mixed_ref=1 me_range=16 chroma_me=1 trellis=1 8x8dct=1 cqm=0 deadzone=21,11 fast_pskip=1 chroma_qp_offset=-2 threads=13 lookahead_threads=2 sliced_threads=0 nr=0 decimate=1 interlaced=0 bluray_compat=0 constrained_intra=0 bframes=3 b_pyramid=2 b_adapt=1 b_bias=0 direct=1 weightb=1 open_gop=0 weightp=2 keyint=250 keyint_min=12 scenecut=40 intra_refresh=0 rc_lookahead=40 rc=crf mbtree=1 crf=18.0 qcomp=0.60 qpmin=0 qpmax=69 qpstep=4 ip_ratio=1.40 aq=1:1.00
Output #0, mp4, to 'F:\pnpline-landing\hero-section-video\blockout\blockout-master-v002\preview\S1-low-to-high.mp4':
  Metadata:
    major_brand     : isom
    minor_version   : 512
    compatible_brands: isomiso2avc1mp41
    encoder         : Lavf61.7.100
  Stream #0:0(und): Video: h264 (avc1 / 0x31637661), yuv420p(tv, unknown/bt709/iec61966-2-1, progressive), 768x432 [SAR 1:1 DAR 16:9], q=2-31, 12 fps, 12288 tbn (default)
      Metadata:
        handler_name    : VideoHandler
        vendor_id       : [0][0][0][0]
        encoder         : Lavc61.19.100 libx264
      Side data:
        cpb: bitrate max/min/avg: 0/0/0 buffer size: 0 vbv_delay: N/A
[mp4 @ 0000020bb77b0a80] Starting second pass: moving the moov atom to the beginning of the file
[out#0/mp4 @ 0000020bb782ee40] video:877KiB audio:0KiB subtitle:0KiB other streams:0KiB global headers:0KiB muxing overhead: 0.334340%
frame=  181 fps=0.0 q=-1.0 Lsize=     880KiB time=00:00:14.91 bitrate= 483.3kbits/s speed=57.9x    
[libx264 @ 0000020bb7e54340] frame I:1     Avg QP: 8.84  size: 29372
[libx264 @ 0000020bb7e54340] frame P:53    Avg QP:14.14  size:  9350
[libx264 @ 0000020bb7e54340] frame B:127   Avg QP:18.52  size:  2934
[libx264 @ 0000020bb7e54340] consecutive B-frames:  1.7% 11.0%  9.9% 77.3%
[libx264 @ 0000020bb7e54340] mb I  I16..4: 17.9% 57.3% 24.8%
[libx264 @ 0000020bb7e54340] mb P  I16..4:  6.0% 11.8%  4.7%  P16..4: 27.0% 17.9%  8.8%  0.0%  0.0%    skip:23.8%
[libx264 @ 0000020bb7e54340] mb B  I16..4:  0.5%  0.3%  0.2%  B16..8: 40.2% 11.6%  2.0%  direct: 2.3%  skip:42.8%  L0:41.5% L1:49.2% BI: 9.3%
[libx264 @ 0000020bb7e54340] 8x8 transform intra:50.6% inter:61.3%
[libx264 @ 0000020bb7e54340] coded y,uvDC,uvAC intra: 35.0% 31.1% 22.4% inter: 12.8% 8.7% 2.3%
[libx264 @ 0000020bb7e54340] i16 v,h,dc,p: 60% 29% 10%  1%
[libx264 @ 0000020bb7e54340] i8 v,h,dc,ddl,ddr,vr,hd,vl,hu: 23% 23% 49%  1%  1%  1%  1%  0%  1%
[libx264 @ 0000020bb7e54340] i4 v,h,dc,ddl,ddr,vr,hd,vl,hu: 40% 35% 17%  1%  1%  1%  2%  1%  2%
[libx264 @ 0000020bb7e54340] i8c dc,h,v,p: 62% 21% 16%  1%
[libx264 @ 0000020bb7e54340] Weighted P-Frames: Y:0.0% UV:0.0%
[libx264 @ 0000020bb7e54340] ref P L0: 58.8% 21.1% 15.2%  4.9%
[libx264 @ 0000020bb7e54340] ref B L0: 86.9% 11.4%  1.6%
[libx264 @ 0000020bb7e54340] ref B L1: 95.5%  4.5%
[libx264 @ 0000020bb7e54340] kb/s:476.02
