Input #0, image2, from 'F:\pnpline-landing\hero-section-video\blockout\blockout-master-v002\preview\frames\frame-%04d.png':
  Duration: 00:01:56.08, start: 0.000000, bitrate: N/A
  Stream #0:0: Video: png, rgba(pc, gbr/bt709/iec61966-2-1), 768x432 [SAR 2834:2834 DAR 16:9], 12 fps, 12 tbr, 12 tbn
Stream mapping:
  Stream #0:0 -> #0:0 (png (native) -> h264 (libx264))
Press [q] to stop, [?] for help
[libx264 @ 000001ecdf1988c0] using SAR=1/1
[libx264 @ 000001ecdf1988c0] using cpu capabilities: MMX2 SSE2Fast SSSE3 SSE4.2 AVX FMA3 BMI2 AVX2 AVX512
[libx264 @ 000001ecdf1988c0] profile High, level 2.2, 4:2:0, 8-bit
[libx264 @ 000001ecdf1988c0] 264 - core 164 r3192 c24e06c - H.264/MPEG-4 AVC codec - Copyleft 2003-2024 - http://www.videolan.org/x264.html - options: cabac=1 ref=3 deblock=1:0:0 analyse=0x3:0x113 me=hex subme=7 psy=1 psy_rd=1.00:0.00 mixed_ref=1 me_range=16 chroma_me=1 trellis=1 8x8dct=1 cqm=0 deadzone=21,11 fast_pskip=1 chroma_qp_offset=-2 threads=13 lookahead_threads=2 sliced_threads=0 nr=0 decimate=1 interlaced=0 bluray_compat=0 constrained_intra=0 bframes=3 b_pyramid=2 b_adapt=1 b_bias=0 direct=1 weightb=1 open_gop=0 weightp=2 keyint=250 keyint_min=12 scenecut=40 intra_refresh=0 rc_lookahead=40 rc=crf mbtree=1 crf=20.0 qcomp=0.60 qpmin=0 qpmax=69 qpstep=4 ip_ratio=1.40 aq=1:1.00
Output #0, mp4, to 'F:\pnpline-landing\hero-section-video\blockout\blockout-master-v002\preview\master-v002.mp4':
  Metadata:
    encoder         : Lavf61.7.100
  Stream #0:0: Video: h264 (avc1 / 0x31637661), yuv420p(tv, unknown/bt709/iec61966-2-1, progressive), 768x432 [SAR 1:1 DAR 16:9], q=2-31, 12 fps, 12288 tbn
      Metadata:
        encoder         : Lavc61.19.100 libx264
      Side data:
        cpb: bitrate max/min/avg: 0/0/0 buffer size: 0 vbv_delay: N/A
frame=  358 fps=0.0 q=23.0 size=    1280KiB time=00:00:29.66 bitrate= 353.5kbits/s speed=58.3x    
frame=  712 fps=691 q=23.0 size=    3328KiB time=00:00:59.16 bitrate= 460.8kbits/s speed=57.4x    
frame= 1086 fps=702 q=23.0 size=    5376KiB time=00:01:30.33 bitrate= 487.5kbits/s speed=58.4x    
[mp4 @ 000001ecdf19b180] Starting second pass: moving the moov atom to the beginning of the file
[out#0/mp4 @ 000001ecdf1a1a00] video:6876KiB audio:0KiB subtitle:0KiB other streams:0KiB global headers:0KiB muxing overhead: 0.240278%
frame= 1393 fps=720 q=-1.0 Lsize=    6893KiB time=00:01:55.91 bitrate= 487.1kbits/s speed=59.9x    
[libx264 @ 000001ecdf1988c0] frame I:6     Avg QP:12.44  size: 33052
[libx264 @ 000001ecdf1988c0] frame P:427   Avg QP:15.89  size:  9702
[libx264 @ 000001ecdf1988c0] frame B:960   Avg QP:19.14  size:  2812
[libx264 @ 000001ecdf1988c0] consecutive B-frames:  4.6%  5.9% 14.0% 75.5%
[libx264 @ 000001ecdf1988c0] mb I  I16..4:  6.1% 66.2% 27.7%
[libx264 @ 000001ecdf1988c0] mb P  I16..4:  2.0%  6.1%  3.3%  P16..4: 34.4% 19.5% 12.8%  0.0%  0.0%    skip:21.9%
[libx264 @ 000001ecdf1988c0] mb B  I16..4:  0.2%  0.1%  0.2%  B16..8: 41.3%  9.6%  2.3%  direct: 1.5%  skip:44.9%  L0:43.3% L1:48.1% BI: 8.6%
[libx264 @ 000001ecdf1988c0] 8x8 transform intra:53.2% inter:67.3%
[libx264 @ 000001ecdf1988c0] coded y,uvDC,uvAC intra: 58.9% 31.6% 22.2% inter: 16.8% 5.0% 1.6%
[libx264 @ 000001ecdf1988c0] i16 v,h,dc,p: 53% 28% 13%  7%
[libx264 @ 000001ecdf1988c0] i8 v,h,dc,ddl,ddr,vr,hd,vl,hu: 13% 12% 63%  2%  2%  2%  3%  2%  2%
[libx264 @ 000001ecdf1988c0] i4 v,h,dc,ddl,ddr,vr,hd,vl,hu: 31% 21% 27%  3%  3%  3%  5%  3%  3%
[libx264 @ 000001ecdf1988c0] i8c dc,h,v,p: 69% 16% 14%  1%
[libx264 @ 000001ecdf1988c0] Weighted P-Frames: Y:2.6% UV:0.5%
[libx264 @ 000001ecdf1988c0] ref P L0: 66.4% 10.6% 17.5%  5.4%  0.0%
[libx264 @ 000001ecdf1988c0] ref B L0: 87.0% 11.2%  1.8%
[libx264 @ 000001ecdf1988c0] ref B L1: 94.5%  5.5%
[libx264 @ 000001ecdf1988c0] kb/s:485.22
