00:01.094  blend            | Read blend: "F:\pnpline-landing\hero-section-video\blockout\blockout-master-v002\inputs\base-user-saved-v001.blend"
test_container_readable_through_s1 (__main__.S1CameraTests.test_container_readable_through_s1) ... ok
test_s1_rises_to_reference_high_angle (__main__.S1CameraTests.test_s1_rises_to_reference_high_angle) ... FAIL
test_s1_s2_connection_has_no_camera_reset (__main__.S1CameraTests.test_s1_s2_connection_has_no_camera_reset) ... ok
test_starts_at_frame_zero_and_low_angle (__main__.S1CameraTests.test_starts_at_frame_zero_and_low_angle) ... FAIL

======================================================================
FAIL: test_s1_rises_to_reference_high_angle (__main__.S1CameraTests.test_s1_rises_to_reference_high_angle)
----------------------------------------------------------------------
Traceback (most recent call last):
  File "F:\pnpline-landing\hero-section-video\blockout\blockout-master-v002\scripts\test_s1_camera.py", line 24, in test_s1_rises_to_reference_high_angle
    self.assertTrue(all(b>=a-.002 for a,b in zip(heights,heights[1:])), 'Camera must ascend')
    ~~~~~~~~~~~~~~~^^^^^^^^^^^^^^^^^^^^^^^^^^^^^^^^^^^^^^^^^^^^^^^^^^^^^^^^^^^^^^^^^^^^^^^^^^
AssertionError: False is not true : Camera must ascend

======================================================================
FAIL: test_starts_at_frame_zero_and_low_angle (__main__.S1CameraTests.test_starts_at_frame_zero_and_low_angle)
----------------------------------------------------------------------
Traceback (most recent call last):
  File "F:\pnpline-landing\hero-section-video\blockout\blockout-master-v002\scripts\test_s1_camera.py", line 15, in test_starts_at_frame_zero_and_low_angle
    self.assertEqual(S.frame_start,0)
    ~~~~~~~~~~~~~~~~^^^^^^^^^^^^^^^^^
AssertionError: 1 != 0

----------------------------------------------------------------------
Ran 4 tests in 0.074s

FAILED (failures=2)
Blender 5.1.0 (hash adfe2921d5f3 built 2026-03-17 01:37:32)
