Input #0, image2, from 'F:\pnpline-landing\hero-section-video\blockout\blockout-master-v003\preview\frames\frame-%04d.png':
  Duration: 00:01:56.08, start: 0.000000, bitrate: N/A
  Stream #0:0: Video: png, rgba(pc, gbr/bt709/iec61966-2-1), 768x432 [SAR 2834:2834 DAR 16:9], 12 fps, 12 tbr, 12 tbn
Stream mapping:
  Stream #0:0 -> #0:0 (png (native) -> h264 (libx264))
Press [q] to stop, [?] for help
[libx264 @ 000002aaf9b1a400] using SAR=1/1
[libx264 @ 000002aaf9b1a400] using cpu capabilities: MMX2 SSE2Fast SSSE3 SSE4.2 AVX FMA3 BMI2 AVX2 AVX512
[libx264 @ 000002aaf9b1a400] profile High, level 2.2, 4:2:0, 8-bit
[libx264 @ 000002aaf9b1a400] 264 - core 164 r3192 c24e06c - H.264/MPEG-4 AVC codec - Copyleft 2003-2024 - http://www.videolan.org/x264.html - options: cabac=1 ref=3 deblock=1:0:0 analyse=0x3:0x113 me=hex subme=7 psy=1 psy_rd=1.00:0.00 mixed_ref=1 me_range=16 chroma_me=1 trellis=1 8x8dct=1 cqm=0 deadzone=21,11 fast_pskip=1 chroma_qp_offset=-2 threads=13 lookahead_threads=2 sliced_threads=0 nr=0 decimate=1 interlaced=0 bluray_compat=0 constrained_intra=0 bframes=3 b_pyramid=2 b_adapt=1 b_bias=0 direct=1 weightb=1 open_gop=0 weightp=2 keyint=250 keyint_min=12 scenecut=40 intra_refresh=0 rc_lookahead=40 rc=crf mbtree=1 crf=20.0 qcomp=0.60 qpmin=0 qpmax=69 qpstep=4 ip_ratio=1.40 aq=1:1.00
Output #0, mp4, to 'F:\pnpline-landing\hero-section-video\blockout\blockout-master-v003\preview\master-v003.mp4':
  Metadata:
    encoder         : Lavf61.7.100
  Stream #0:0: Video: h264 (avc1 / 0x31637661), yuv420p(tv, unknown/bt709/iec61966-2-1, progressive), 768x432 [SAR 1:1 DAR 16:9], q=2-31, 12 fps, 12288 tbn
      Metadata:
        encoder         : Lavc61.19.100 libx264
      Side data:
        cpb: bitrate max/min/avg: 0/0/0 buffer size: 0 vbv_delay: N/A
frame=  343 fps=0.0 q=23.0 size=    1280KiB time=00:00:28.41 bitrate= 369.0kbits/s speed=54.9x    
frame=  664 fps=648 q=23.0 size=    3328KiB time=00:00:55.16 bitrate= 494.2kbits/s speed=53.8x    
frame= 1027 fps=666 q=23.0 size=    5120KiB time=00:01:25.41 bitrate= 491.0kbits/s speed=55.4x    
[mp4 @ 000002aaf9a9b140] Starting second pass: moving the moov atom to the beginning of the file
[out#0/mp4 @ 000002aafa1a6d00] video:6887KiB audio:0KiB subtitle:0KiB other streams:0KiB global headers:0KiB muxing overhead: 0.239695%
frame= 1393 fps=688 q=-1.0 Lsize=    6903KiB time=00:01:55.91 bitrate= 487.9kbits/s speed=57.3x    
[libx264 @ 000002aaf9b1a400] frame I:6     Avg QP:12.49  size: 33140
[libx264 @ 000002aaf9b1a400] frame P:431   Avg QP:15.94  size:  9665
[libx264 @ 000002aaf9b1a400] frame B:956   Avg QP:19.14  size:  2810
[libx264 @ 000002aaf9b1a400] consecutive B-frames:  4.7%  6.5% 14.4% 74.4%
[libx264 @ 000002aaf9b1a400] mb I  I16..4:  6.1% 65.9% 28.0%
[libx264 @ 000002aaf9b1a400] mb P  I16..4:  1.9%  6.2%  3.2%  P16..4: 34.3% 19.4% 12.7%  0.0%  0.0%    skip:22.2%
[libx264 @ 000002aaf9b1a400] mb B  I16..4:  0.2%  0.1%  0.2%  B16..8: 41.4%  9.5%  2.3%  direct: 1.5%  skip:44.8%  L0:43.2% L1:48.1% BI: 8.7%
[libx264 @ 000002aaf9b1a400] 8x8 transform intra:53.9% inter:67.2%
[libx264 @ 000002aaf9b1a400] coded y,uvDC,uvAC intra: 59.5% 32.1% 22.5% inter: 16.8% 5.0% 1.6%
[libx264 @ 000002aaf9b1a400] i16 v,h,dc,p: 52% 28% 13%  7%
[libx264 @ 000002aaf9b1a400] i8 v,h,dc,ddl,ddr,vr,hd,vl,hu: 12% 12% 64%  2%  2%  2%  3%  2%  2%
[libx264 @ 000002aaf9b1a400] i4 v,h,dc,ddl,ddr,vr,hd,vl,hu: 31% 21% 27%  3%  3%  3%  5%  3%  4%
[libx264 @ 000002aaf9b1a400] i8c dc,h,v,p: 68% 16% 15%  1%
[libx264 @ 000002aaf9b1a400] Weighted P-Frames: Y:2.6% UV:0.5%
[libx264 @ 000002aaf9b1a400] ref P L0: 66.5% 10.6% 17.5%  5.4%  0.0%
[libx264 @ 000002aaf9b1a400] ref B L0: 87.0% 11.2%  1.8%
[libx264 @ 000002aaf9b1a400] ref B L1: 94.5%  5.5%
[libx264 @ 000002aaf9b1a400] kb/s:485.94
