00:01.016  blend            | Read blend: "F:\pnpline-landing\hero-section-video\blockout\blockout-master-v003\inputs\base-v002.blend"
BASE_CAPTURED {'bottom': 0.26124244928359985, 'top': 0.7995501160621643}
test_camera_rotation_and_lens_preserved (__main__.FramingTests.test_camera_rotation_and_lens_preserved) ... ok
test_container_lower_and_cables_more_visible (__main__.FramingTests.test_container_lower_and_cables_more_visible) ... FAIL
test_s1_end_and_later_camera_unchanged (__main__.FramingTests.test_s1_end_and_later_camera_unchanged) ... ok
test_world_altitude_increased (__main__.FramingTests.test_world_altitude_increased) ... FAIL

======================================================================
FAIL: test_container_lower_and_cables_more_visible (__main__.FramingTests.test_container_lower_and_cables_more_visible)
----------------------------------------------------------------------
Traceback (most recent call last):
  File "F:\pnpline-landing\hero-section-video\blockout\blockout-master-v003\scripts\test_framing.py", line 16, in test_container_lower_and_cables_more_visible
    self.assertTrue(.075<min(v.y for v in p)<.105,'Container bottom should be near lower tenth of image')
    ~~~~~~~~~~~~~~~^^^^^^^^^^^^^^^^^^^^^^^^^^^^^^^^^^^^^^^^^^^^^^^^^^^^^^^^^^^^^^^^^^^^^^^^^^^^^^^^^^^^^^
AssertionError: False is not true : Container bottom should be near lower tenth of image

======================================================================
FAIL: test_world_altitude_increased (__main__.FramingTests.test_world_altitude_increased)
----------------------------------------------------------------------
Traceback (most recent call last):
  File "F:\pnpline-landing\hero-section-video\blockout\blockout-master-v003\scripts\test_framing.py", line 20, in test_world_altitude_increased
    S.frame_set(0);self.assertGreater(S.camera.matrix_world.translation.z,Matrix(BASE['frames'][0]['matrix']).translation.z+.1)
                   ~~~~~~~~~~~~~~~~~~^^^^^^^^^^^^^^^^^^^^^^^^^^^^^^^^^^^^^^^^^^^^^^^^^^^^^^^^^^^^^^^^^^^^^^^^^^^^^^^^^^^^^^^^^^
AssertionError: 64.03520965576172 not greater than 64.13520965576171

----------------------------------------------------------------------
Ran 4 tests in 0.820s

FAILED (failures=2)
Blender 5.1.0 (hash adfe2921d5f3 built 2026-03-17 01:37:32)
