00:01.046  blend            | Read blend: "F:\pnpline-landing\hero-section-video\blockout\blockout-master-v003\inputs\base-v002.blend"
Info: Saved as "master-v003.blend"
{
  "height_offset_at_0": 0.8189385237637907,
  "world_translation_at_0": [
    -0.7422103881835938,
    0.0,
    0.3460983633995056
  ],
  "direction": "fixed China port surface vertical expressed in world coordinates",
  "changed_camera_translation_frames": [
    0,
    95
  ],
  "unchanged_rotation_frames": [
    0,
    1392
  ],
  "unchanged_lens_frames": [
    0,
    1392
  ],
  "unchanged_camera_from_frame": 96,
  "frame0_container_bottom_ndc": 0.08999846875667572,
  "reference": "inputs/framing-reference.png"
}
Blender 5.1.0 (hash adfe2921d5f3 built 2026-03-17 01:37:32)

Blender quit
