00:01.094  blend            | Read blend: "F:\pnpline-landing\hero-section-video\blockout\blockout-master-v001\master-v001.blend"
test_all_inventory_ids_mapped_and_unique_instances (__main__.MasterTests.test_all_inventory_ids_mapped_and_unique_instances) ... ok
test_container_keeps_ship_and_trailer_support (__main__.MasterTests.test_container_keeps_ship_and_trailer_support) ... ok
test_crane_cables_have_overhead_trolley_support (__main__.MasterTests.test_crane_cables_have_overhead_trolley_support) ... ok
test_delivery_vehicle_envelopes_clear_destination_buildings (__main__.MasterTests.test_delivery_vehicle_envelopes_clear_destination_buildings) ... ok
test_dock_alignment_doors_and_stationary_inbound (__main__.MasterTests.test_dock_alignment_doors_and_stationary_inbound) ... ok
test_dock_opening_in_front_of_camera (__main__.MasterTests.test_dock_opening_in_front_of_camera) ... ok
test_final_frame_keeps_both_deliveries_visible (__main__.MasterTests.test_final_frame_keeps_both_deliveries_visible) ... ok
test_fixed_environment (__main__.MasterTests.test_fixed_environment) ... ok
test_folded_container_doors_clear_side_panels (__main__.MasterTests.test_folded_container_doors_clear_side_panels) ... FAIL
test_full_timeline_camera_continuity (__main__.MasterTests.test_full_timeline_camera_continuity) ... ok
test_last_load_has_support_and_clear_cargo_slot (__main__.MasterTests.test_last_load_has_support_and_clear_cargo_slot) ... ok
test_outbound_cart_stays_on_warehouse_floor (__main__.MasterTests.test_outbound_cart_stays_on_warehouse_floor) ... ok
test_picking_bin_product_has_support (__main__.MasterTests.test_picking_bin_product_has_support) ... ok
test_road_is_flat_enough_for_wheels (__main__.MasterTests.test_road_is_flat_enough_for_wheels) ... ok
test_secondary_heading_matches_merge_motion (__main__.MasterTests.test_secondary_heading_matches_merge_motion) ... ok
test_separate_cargo_and_outbound_timing (__main__.MasterTests.test_separate_cargo_and_outbound_timing) ... ok
test_ship_never_jumps_and_bow_stern_contact_water (__main__.MasterTests.test_ship_never_jumps_and_bow_stern_contact_water) ... ok
test_single_camera_and_six_boundaries (__main__.MasterTests.test_single_camera_and_six_boundaries) ... ok
test_tractor_trailer_hitch_does_not_separate (__main__.MasterTests.test_tractor_trailer_hitch_does_not_separate) ... ok
test_trailer_frame_does_not_penetrate_dock_wall (__main__.MasterTests.test_trailer_frame_does_not_penetrate_dock_wall) ... FAIL

======================================================================
FAIL: test_folded_container_doors_clear_side_panels (__main__.MasterTests.test_folded_container_doors_clear_side_panels)
----------------------------------------------------------------------
Traceback (most recent call last):
  File "F:\pnpline-landing\hero-section-video\blockout\blockout-master-v001\scripts\test_scene.py", line 221, in test_folded_container_doors_clear_side_panels
    self.assertGreater(min(abs(c.y) for c in corners),.785,'Folded door penetrates side panel')
    ~~~~~~~~~~~~~~~~~~^^^^^^^^^^^^^^^^^^^^^^^^^^^^^^^^^^^^^^^^^^^^^^^^^^^^^^^^^^^^^^^^^^^^^^^^^
AssertionError: 0.709998369216919 not greater than 0.785 : Folded door penetrates side panel

======================================================================
FAIL: test_trailer_frame_does_not_penetrate_dock_wall (__main__.MasterTests.test_trailer_frame_does_not_penetrate_dock_wall)
----------------------------------------------------------------------
Traceback (most recent call last):
  File "F:\pnpline-landing\hero-section-video\blockout\blockout-master-v001\scripts\test_scene.py", line 226, in test_trailer_frame_does_not_penetrate_dock_wall
    self.assertLessEqual(max((inv@o.matrix_world@Vector(c)).x for c in o.bound_box),36.01)
    ~~~~~~~~~~~~~~~~~~~~^^^^^^^^^^^^^^^^^^^^^^^^^^^^^^^^^^^^^^^^^^^^^^^^^^^^^^^^^^^^^^^^^^
AssertionError: 36.350006103515625 not less than or equal to 36.01

----------------------------------------------------------------------
Ran 20 tests in 1.335s

FAILED (failures=2)
Blender 5.1.0 (hash adfe2921d5f3 built 2026-03-17 01:37:32)
