Input #0, image2, from 'F:\pnpline-landing\hero-section-video\blockout\blockout-master-v001\preview\frames\frame-%04d.png':
  Duration: 00:01:56.00, start: 0.000000, bitrate: N/A
  Stream #0:0: Video: png, rgba(pc, gbr/bt709/iec61966-2-1), 768x432 [SAR 2834:2834 DAR 16:9], 12 fps, 12 tbr, 12 tbn
Stream mapping:
  Stream #0:0 -> #0:0 (png (native) -> h264 (libx264))
Press [q] to stop, [?] for help
[libx264 @ 000001af086468c0] using SAR=1/1
[libx264 @ 000001af086468c0] using cpu capabilities: MMX2 SSE2Fast SSSE3 SSE4.2 AVX FMA3 BMI2 AVX2 AVX512
[libx264 @ 000001af086468c0] profile High, level 2.2, 4:2:0, 8-bit
[libx264 @ 000001af086468c0] 264 - core 164 r3192 c24e06c - H.264/MPEG-4 AVC codec - Copyleft 2003-2024 - http://www.videolan.org/x264.html - options: cabac=1 ref=3 deblock=1:0:0 analyse=0x3:0x113 me=hex subme=7 psy=1 psy_rd=1.00:0.00 mixed_ref=1 me_range=16 chroma_me=1 trellis=1 8x8dct=1 cqm=0 deadzone=21,11 fast_pskip=1 chroma_qp_offset=-2 threads=13 lookahead_threads=2 sliced_threads=0 nr=0 decimate=1 interlaced=0 bluray_compat=0 constrained_intra=0 bframes=3 b_pyramid=2 b_adapt=1 b_bias=0 direct=1 weightb=1 open_gop=0 weightp=2 keyint=250 keyint_min=12 scenecut=40 intra_refresh=0 rc_lookahead=40 rc=crf mbtree=1 crf=20.0 qcomp=0.60 qpmin=0 qpmax=69 qpstep=4 ip_ratio=1.40 aq=1:1.00
Output #0, mp4, to 'F:\pnpline-landing\hero-section-video\blockout\blockout-master-v001\preview\master-v001.mp4':
  Metadata:
    encoder         : Lavf61.7.100
  Stream #0:0: Video: h264 (avc1 / 0x31637661), yuv420p(tv, unknown/bt709/iec61966-2-1, progressive), 768x432 [SAR 1:1 DAR 16:9], q=2-31, 12 fps, 12288 tbn
      Metadata:
        encoder         : Lavc61.19.100 libx264
      Side data:
        cpb: bitrate max/min/avg: 0/0/0 buffer size: 0 vbv_delay: N/A
frame=  322 fps=0.0 q=23.0 size=    1280KiB time=00:00:26.66 bitrate= 393.2kbits/s speed=51.7x    
frame=  657 fps=636 q=23.0 size=    3328KiB time=00:00:54.58 bitrate= 499.5kbits/s speed=52.8x    
frame= 1018 fps=656 q=23.0 size=    5120KiB time=00:01:24.66 bitrate= 495.4kbits/s speed=54.5x    
[mp4 @ 000001af07c21900] Starting second pass: moving the moov atom to the beginning of the file
[out#0/mp4 @ 000001af07ca7d80] video:6902KiB audio:0KiB subtitle:0KiB other streams:0KiB global headers:0KiB muxing overhead: 0.240013%
frame= 1392 fps=679 q=-1.0 Lsize=    6918KiB time=00:01:55.83 bitrate= 489.3kbits/s speed=56.5x    
[libx264 @ 000001af086468c0] frame I:6     Avg QP:12.95  size: 33340
[libx264 @ 000001af086468c0] frame P:425   Avg QP:15.77  size:  9812
[libx264 @ 000001af086468c0] frame B:961   Avg QP:19.01  size:  2806
[libx264 @ 000001af086468c0] consecutive B-frames:  4.6%  5.9% 12.5% 77.0%
[libx264 @ 000001af086468c0] mb I  I16..4:  5.5% 65.8% 28.6%
[libx264 @ 000001af086468c0] mb P  I16..4:  1.8%  6.0%  2.8%  P16..4: 34.9% 20.1% 13.1%  0.0%  0.0%    skip:21.3%
[libx264 @ 000001af086468c0] mb B  I16..4:  0.1%  0.1%  0.1%  B16..8: 42.3%  9.7%  2.4%  direct: 1.4%  skip:43.9%  L0:43.4% L1:48.2% BI: 8.4%
[libx264 @ 000001af086468c0] 8x8 transform intra:56.2% inter:67.4%
[libx264 @ 000001af086468c0] coded y,uvDC,uvAC intra: 61.6% 32.5% 23.1% inter: 16.7% 5.1% 1.6%
[libx264 @ 000001af086468c0] i16 v,h,dc,p: 50% 28% 15%  8%
[libx264 @ 000001af086468c0] i8 v,h,dc,ddl,ddr,vr,hd,vl,hu: 12% 10% 65%  2%  2%  2%  3%  2%  2%
[libx264 @ 000001af086468c0] i4 v,h,dc,ddl,ddr,vr,hd,vl,hu: 30% 18% 28%  4%  3%  3%  5%  4%  4%
[libx264 @ 000001af086468c0] i8c dc,h,v,p: 69% 15% 14%  2%
[libx264 @ 000001af086468c0] Weighted P-Frames: Y:2.6% UV:0.5%
[libx264 @ 000001af086468c0] ref P L0: 66.7%  9.8% 17.9%  5.6%  0.1%
[libx264 @ 000001af086468c0] ref B L0: 86.9% 11.2%  1.8%
[libx264 @ 000001af086468c0] ref B L1: 94.3%  5.7%
[libx264 @ 000001af086468c0] kb/s:487.37
