Input #0, image2, from 'hero-section-video\blockout\blockout-master-v001\preview\frames\frame-%04d.png':
  Duration: 00:01:56.00, start: 0.000000, bitrate: N/A
  Stream #0:0: Video: png, rgba(pc, gbr/bt709/iec61966-2-1), 768x432 [SAR 2834:2834 DAR 16:9], 12 fps, 12 tbr, 12 tbn
Stream mapping:
  Stream #0:0 -> #0:0 (png (native) -> h264 (libx264))
Press [q] to stop, [?] for help
[libx264 @ 000001c0b5b98740] using SAR=1/1
[libx264 @ 000001c0b5b98740] using cpu capabilities: MMX2 SSE2Fast SSSE3 SSE4.2 AVX FMA3 BMI2 AVX2 AVX512
[libx264 @ 000001c0b5b98740] profile High, level 2.2, 4:2:0, 8-bit
[libx264 @ 000001c0b5b98740] 264 - core 164 r3192 c24e06c - H.264/MPEG-4 AVC codec - Copyleft 2003-2024 - http://www.videolan.org/x264.html - options: cabac=1 ref=3 deblock=1:0:0 analyse=0x3:0x113 me=hex subme=7 psy=1 psy_rd=1.00:0.00 mixed_ref=1 me_range=16 chroma_me=1 trellis=1 8x8dct=1 cqm=0 deadzone=21,11 fast_pskip=1 chroma_qp_offset=-2 threads=13 lookahead_threads=2 sliced_threads=0 nr=0 decimate=1 interlaced=0 bluray_compat=0 constrained_intra=0 bframes=3 b_pyramid=2 b_adapt=1 b_bias=0 direct=1 weightb=1 open_gop=0 weightp=2 keyint=250 keyint_min=12 scenecut=40 intra_refresh=0 rc_lookahead=40 rc=crf mbtree=1 crf=20.0 qcomp=0.60 qpmin=0 qpmax=69 qpstep=4 ip_ratio=1.40 aq=1:1.00
Output #0, mp4, to 'hero-section-video\blockout\blockout-master-v001\preview\master-v001.mp4':
  Metadata:
    encoder         : Lavf61.7.100
  Stream #0:0: Video: h264 (avc1 / 0x31637661), yuv420p(tv, unknown/bt709/iec61966-2-1, progressive), 768x432 [SAR 1:1 DAR 16:9], q=2-31, 12 fps, 12288 tbn
      Metadata:
        encoder         : Lavc61.19.100 libx264
      Side data:
        cpb: bitrate max/min/avg: 0/0/0 buffer size: 0 vbv_delay: N/A
frame=  311 fps=0.0 q=23.0 size=    1024KiB time=00:00:25.75 bitrate= 325.8kbits/s speed=50.8x    
frame=  649 fps=633 q=23.0 size=    3072KiB time=00:00:53.91 bitrate= 466.8kbits/s speed=52.6x    
frame= 1022 fps=661 q=23.0 size=    5120KiB time=00:01:25.00 bitrate= 493.5kbits/s speed=  55x    
[mp4 @ 000001c0b54c1700] Starting second pass: moving the moov atom to the beginning of the file
[out#0/mp4 @ 000001c0b54badc0] video:6851KiB audio:0KiB subtitle:0KiB other streams:0KiB global headers:0KiB muxing overhead: 0.239402%
frame= 1392 fps=681 q=-1.0 Lsize=    6867KiB time=00:01:55.83 bitrate= 485.7kbits/s speed=56.7x    
[libx264 @ 000001c0b5b98740] frame I:6     Avg QP:13.18  size: 30908
[libx264 @ 000001c0b5b98740] frame P:445   Avg QP:15.73  size:  9507
[libx264 @ 000001c0b5b98740] frame B:941   Avg QP:18.83  size:  2761
[libx264 @ 000001c0b5b98740] consecutive B-frames:  5.6%  8.2% 13.8% 72.4%
[libx264 @ 000001c0b5b98740] mb I  I16..4:  7.0% 63.8% 29.2%
[libx264 @ 000001c0b5b98740] mb P  I16..4:  1.8%  6.0%  2.8%  P16..4: 35.4% 20.0% 12.9%  0.0%  0.0%    skip:21.0%
[libx264 @ 000001c0b5b98740] mb B  I16..4:  0.1%  0.1%  0.1%  B16..8: 42.0%  9.4%  2.3%  direct: 1.4%  skip:44.5%  L0:43.3% L1:48.6% BI: 8.0%
[libx264 @ 000001c0b5b98740] 8x8 transform intra:55.8% inter:67.8%
[libx264 @ 000001c0b5b98740] coded y,uvDC,uvAC intra: 60.3% 31.1% 21.9% inter: 17.0% 5.0% 1.6%
[libx264 @ 000001c0b5b98740] i16 v,h,dc,p: 50% 29% 14%  8%
[libx264 @ 000001c0b5b98740] i8 v,h,dc,ddl,ddr,vr,hd,vl,hu: 13% 11% 64%  2%  2%  2%  3%  2%  2%
[libx264 @ 000001c0b5b98740] i4 v,h,dc,ddl,ddr,vr,hd,vl,hu: 29% 18% 29%  4%  3%  3%  5%  4%  4%
[libx264 @ 000001c0b5b98740] i8c dc,h,v,p: 70% 15% 13%  2%
[libx264 @ 000001c0b5b98740] Weighted P-Frames: Y:1.6% UV:0.2%
[libx264 @ 000001c0b5b98740] ref P L0: 67.9%  9.4% 17.5%  5.2%  0.0%
[libx264 @ 000001c0b5b98740] ref B L0: 86.7% 11.5%  1.9%
[libx264 @ 000001c0b5b98740] ref B L1: 94.3%  5.7%
[libx264 @ 000001c0b5b98740] kb/s:483.77
