00:01.016  blend            | Read blend: "F:\pnpline-landing\hero-section-video\blockout\blockout-master-v001\master-v001.blend"
test_all_inventory_ids_mapped_and_unique_instances (__main__.MasterTests.test_all_inventory_ids_mapped_and_unique_instances) ... ok
test_container_keeps_ship_and_trailer_support (__main__.MasterTests.test_container_keeps_ship_and_trailer_support) ... ok
test_crane_cables_have_overhead_trolley_support (__main__.MasterTests.test_crane_cables_have_overhead_trolley_support) ... ok
test_delivery_vehicle_envelopes_clear_destination_buildings (__main__.MasterTests.test_delivery_vehicle_envelopes_clear_destination_buildings) ... ok
test_delivery_vehicles_do_not_overlap_during_merge (__main__.MasterTests.test_delivery_vehicles_do_not_overlap_during_merge) ... FAIL
test_dock_alignment_doors_and_stationary_inbound (__main__.MasterTests.test_dock_alignment_doors_and_stationary_inbound) ... ok
test_dock_opening_in_front_of_camera (__main__.MasterTests.test_dock_opening_in_front_of_camera) ... ok
test_final_frame_keeps_both_deliveries_visible (__main__.MasterTests.test_final_frame_keeps_both_deliveries_visible) ... ok
test_fixed_environment (__main__.MasterTests.test_fixed_environment) ... ok
test_folded_container_doors_clear_side_panels (__main__.MasterTests.test_folded_container_doors_clear_side_panels) ... ok
test_full_timeline_camera_continuity (__main__.MasterTests.test_full_timeline_camera_continuity) ... ok
test_last_load_has_support_and_clear_cargo_slot (__main__.MasterTests.test_last_load_has_support_and_clear_cargo_slot) ... ok
test_outbound_cart_stays_on_warehouse_floor (__main__.MasterTests.test_outbound_cart_stays_on_warehouse_floor) ... ok
test_picking_bin_product_has_support (__main__.MasterTests.test_picking_bin_product_has_support) ... ok
test_road_is_flat_enough_for_wheels (__main__.MasterTests.test_road_is_flat_enough_for_wheels) ... ok
test_secondary_heading_matches_merge_motion (__main__.MasterTests.test_secondary_heading_matches_merge_motion) ... ok
test_separate_cargo_and_outbound_timing (__main__.MasterTests.test_separate_cargo_and_outbound_timing) ... ok
test_ship_never_jumps_and_bow_stern_contact_water (__main__.MasterTests.test_ship_never_jumps_and_bow_stern_contact_water) ... ok
test_single_camera_and_six_boundaries (__main__.MasterTests.test_single_camera_and_six_boundaries) ... ok
test_tractor_trailer_hitch_does_not_separate (__main__.MasterTests.test_tractor_trailer_hitch_does_not_separate) ... ok
test_trailer_frame_does_not_penetrate_dock_wall (__main__.MasterTests.test_trailer_frame_does_not_penetrate_dock_wall) ... ok
test_unloading_container_stays_inside_vertical_frame (__main__.MasterTests.test_unloading_container_stays_inside_vertical_frame) ... FAIL

======================================================================
FAIL: test_delivery_vehicles_do_not_overlap_during_merge (__main__.MasterTests.test_delivery_vehicles_do_not_overlap_during_merge)
----------------------------------------------------------------------
Traceback (most recent call last):
  File "F:\pnpline-landing\hero-section-video\blockout\blockout-master-v001\scripts\test_scene.py", line 242, in test_delivery_vehicles_do_not_overlap_during_merge
    self.assertTrue(separated,f'Outbound vehicle overlap at {f}')
    ~~~~~~~~~~~~~~~^^^^^^^^^^^^^^^^^^^^^^^^^^^^^^^^^^^^^^^^^^^^^^
AssertionError: False is not true : Outbound vehicle overlap at 1250

======================================================================
FAIL: test_unloading_container_stays_inside_vertical_frame (__main__.MasterTests.test_unloading_container_stays_inside_vertical_frame)
----------------------------------------------------------------------
Traceback (most recent call last):
  File "F:\pnpline-landing\hero-section-video\blockout\blockout-master-v001\scripts\test_scene.py", line 248, in test_unloading_container_stays_inside_vertical_frame
    self.assertLess(max(p.y for p in pts),.98,f'Load cropped at frame {f}')
    ~~~~~~~~~~~~~~~^^^^^^^^^^^^^^^^^^^^^^^^^^^^^^^^^^^^^^^^^^^^^^^^^^^^^^^^
AssertionError: 0.9877592921257019 not less than 0.98 : Load cropped at frame 582

----------------------------------------------------------------------
Ran 22 tests in 1.400s

FAILED (failures=2)
Blender 5.1.0 (hash adfe2921d5f3 built 2026-03-17 01:37:32)
