00:01.000  blend            | Read blend: "F:\pnpline-landing\hero-section-video\blockout\blockout-master-v001\master-v001.blend"
test_all_inventory_ids_mapped_and_unique_instances (__main__.MasterTests.test_all_inventory_ids_mapped_and_unique_instances) ... ok
test_container_keeps_ship_and_trailer_support (__main__.MasterTests.test_container_keeps_ship_and_trailer_support) ... ok
test_crane_cables_have_overhead_trolley_support (__main__.MasterTests.test_crane_cables_have_overhead_trolley_support) ... ok
test_delivery_vehicle_envelopes_clear_destination_buildings (__main__.MasterTests.test_delivery_vehicle_envelopes_clear_destination_buildings) ... ok
test_delivery_vehicles_do_not_overlap_during_merge (__main__.MasterTests.test_delivery_vehicles_do_not_overlap_during_merge) ... ok
test_dock_alignment_doors_and_stationary_inbound (__main__.MasterTests.test_dock_alignment_doors_and_stationary_inbound) ... ok
test_dock_opening_in_front_of_camera (__main__.MasterTests.test_dock_opening_in_front_of_camera) ... ok
test_dock_reverse_is_short_after_doors_open (__main__.MasterTests.test_dock_reverse_is_short_after_doors_open) ... ok
test_final_frame_keeps_both_deliveries_visible (__main__.MasterTests.test_final_frame_keeps_both_deliveries_visible) ... ok
test_fixed_environment (__main__.MasterTests.test_fixed_environment) ... ok
test_folded_container_doors_clear_side_panels (__main__.MasterTests.test_folded_container_doors_clear_side_panels) ... ok
test_full_timeline_camera_continuity (__main__.MasterTests.test_full_timeline_camera_continuity) ... ok
test_inbound_vehicle_clears_raised_warehouse_floor (__main__.MasterTests.test_inbound_vehicle_clears_raised_warehouse_floor) ... ok
test_last_load_has_support_and_clear_cargo_slot (__main__.MasterTests.test_last_load_has_support_and_clear_cargo_slot) ... ok
test_outbound_cart_stays_on_warehouse_floor (__main__.MasterTests.test_outbound_cart_stays_on_warehouse_floor) ... ok
test_picking_bin_product_has_support (__main__.MasterTests.test_picking_bin_product_has_support) ... ok
test_road_is_flat_enough_for_wheels (__main__.MasterTests.test_road_is_flat_enough_for_wheels) ... ok
test_secondary_heading_matches_merge_motion (__main__.MasterTests.test_secondary_heading_matches_merge_motion) ... ok
test_separate_cargo_and_outbound_timing (__main__.MasterTests.test_separate_cargo_and_outbound_timing) ... ok
test_ship_never_jumps_and_bow_stern_contact_water (__main__.MasterTests.test_ship_never_jumps_and_bow_stern_contact_water) ... ok
test_single_camera_and_six_boundaries (__main__.MasterTests.test_single_camera_and_six_boundaries) ... ok
test_tractor_trailer_hitch_does_not_separate (__main__.MasterTests.test_tractor_trailer_hitch_does_not_separate) ... ok
test_trailer_frame_does_not_penetrate_dock_wall (__main__.MasterTests.test_trailer_frame_does_not_penetrate_dock_wall) ... ok
test_unloading_container_stays_inside_vertical_frame (__main__.MasterTests.test_unloading_container_stays_inside_vertical_frame) ... ok

----------------------------------------------------------------------
Ran 24 tests in 1.480s

OK
{
  "frames": 1392,
  "camera_hits": 0,
  "errors": [],
  "metrics": {
    "camera_globe_clearance": 6.369395890690754,
    "ship_keel_radius_offset_min": -0.6500175725197153,
    "ship_keel_radius_offset_max": -0.48416621330298426,
    "trailer_hitch_distance_max": 1.0956883709980066e-05,
    "camera_step_max": 2.412056904581169,
    "camera_rotation_deg_max": 6.951399228224106,
    "ship_step_max": 1.0455776759221829
  }
}
00:04.860  render           | Saved: 'F:\pnpline-landing\hero-section-video\blockout\blockout-master-v001\review\reopen-f0900.png'
REOPEN_REPRODUCED_FRAME_900
Blender 5.1.0 (hash adfe2921d5f3 built 2026-03-17 01:37:32)

Blender quit
