00:01.062  blend            | Read blend: "F:\pnpline-landing\hero-section-video\blockout\blockout-master-v001\master-v001.blend"
test_all_inventory_ids_mapped_and_unique_instances (__main__.MasterTests.test_all_inventory_ids_mapped_and_unique_instances) ... ok
test_container_keeps_ship_and_trailer_support (__main__.MasterTests.test_container_keeps_ship_and_trailer_support) ... ok
test_crane_cables_have_overhead_trolley_support (__main__.MasterTests.test_crane_cables_have_overhead_trolley_support) ... FAIL
test_delivery_vehicle_envelopes_clear_destination_buildings (__main__.MasterTests.test_delivery_vehicle_envelopes_clear_destination_buildings) ... FAIL
test_dock_alignment_doors_and_stationary_inbound (__main__.MasterTests.test_dock_alignment_doors_and_stationary_inbound) ... ok
test_dock_opening_in_front_of_camera (__main__.MasterTests.test_dock_opening_in_front_of_camera) ... ok
test_final_frame_keeps_both_deliveries_visible (__main__.MasterTests.test_final_frame_keeps_both_deliveries_visible) ... ok
test_fixed_environment (__main__.MasterTests.test_fixed_environment) ... ok
test_full_timeline_camera_continuity (__main__.MasterTests.test_full_timeline_camera_continuity) ... ok
test_last_load_has_support_and_clear_cargo_slot (__main__.MasterTests.test_last_load_has_support_and_clear_cargo_slot) ... FAIL
test_outbound_cart_stays_on_warehouse_floor (__main__.MasterTests.test_outbound_cart_stays_on_warehouse_floor) ... FAIL
test_picking_bin_product_has_support (__main__.MasterTests.test_picking_bin_product_has_support) ... FAIL
test_road_is_flat_enough_for_wheels (__main__.MasterTests.test_road_is_flat_enough_for_wheels) ... ok
test_secondary_heading_matches_merge_motion (__main__.MasterTests.test_secondary_heading_matches_merge_motion) ... FAIL
test_separate_cargo_and_outbound_timing (__main__.MasterTests.test_separate_cargo_and_outbound_timing) ... ok
test_ship_never_jumps_and_bow_stern_contact_water (__main__.MasterTests.test_ship_never_jumps_and_bow_stern_contact_water) ... ok
test_single_camera_and_six_boundaries (__main__.MasterTests.test_single_camera_and_six_boundaries) ... ok
test_tractor_trailer_hitch_does_not_separate (__main__.MasterTests.test_tractor_trailer_hitch_does_not_separate) ... ok

======================================================================
FAIL: test_crane_cables_have_overhead_trolley_support (__main__.MasterTests.test_crane_cables_have_overhead_trolley_support)
----------------------------------------------------------------------
Traceback (most recent call last):
  File "F:\pnpline-landing\hero-section-video\blockout\blockout-master-v001\scripts\test_scene.py", line 198, in test_crane_cables_have_overhead_trolley_support
    trolley=self.root(prefix+'_TROLLEY')
  File "F:\pnpline-landing\hero-section-video\blockout\blockout-master-v001\scripts\test_scene.py", line 18, in root
    self.assertIsNotNone(obj, 'Required scene instance missing: '+name)
    ~~~~~~~~~~~~~~~~~~~~^^^^^^^^^^^^^^^^^^^^^^^^^^^^^^^^^^^^^^^^^^^^^^^
AssertionError: unexpectedly None : Required scene instance missing: P01_TROLLEY

======================================================================
FAIL: test_delivery_vehicle_envelopes_clear_destination_buildings (__main__.MasterTests.test_delivery_vehicle_envelopes_clear_destination_buildings)
----------------------------------------------------------------------
Traceback (most recent call last):
  File "F:\pnpline-landing\hero-section-video\blockout\blockout-master-v001\scripts\test_scene.py", line 185, in test_delivery_vehicle_envelopes_clear_destination_buildings
    self.assertFalse(overlap,f'{name} hits {ob.name} at {f}')
    ~~~~~~~~~~~~~~~~^^^^^^^^^^^^^^^^^^^^^^^^^^^^^^^^^^^^^^^^^
AssertionError: True is not false : A04_PRIMARY hits E12_DESTINATION_1 at 1373

======================================================================
FAIL: test_last_load_has_support_and_clear_cargo_slot (__main__.MasterTests.test_last_load_has_support_and_clear_cargo_slot)
----------------------------------------------------------------------
Traceback (most recent call last):
  File "F:\pnpline-landing\hero-section-video\blockout\blockout-master-v001\scripts\test_scene.py", line 158, in test_last_load_has_support_and_clear_cargo_slot
    self.root('CH_LOAD_SUPPORT')
    ~~~~~~~~~^^^^^^^^^^^^^^^^^^^
  File "F:\pnpline-landing\hero-section-video\blockout\blockout-master-v001\scripts\test_scene.py", line 18, in root
    self.assertIsNotNone(obj, 'Required scene instance missing: '+name)
    ~~~~~~~~~~~~~~~~~~~~^^^^^^^^^^^^^^^^^^^^^^^^^^^^^^^^^^^^^^^^^^^^^^^
AssertionError: unexpectedly None : Required scene instance missing: CH_LOAD_SUPPORT

======================================================================
FAIL: test_outbound_cart_stays_on_warehouse_floor (__main__.MasterTests.test_outbound_cart_stays_on_warehouse_floor)
----------------------------------------------------------------------
Traceback (most recent call last):
  File "F:\pnpline-landing\hero-section-video\blockout\blockout-master-v001\scripts\test_scene.py", line 151, in test_outbound_cart_stays_on_warehouse_floor
    self.assertLess(p.x+.63,68,'Cart beyond supported floor')
    ~~~~~~~~~~~~~~~^^^^^^^^^^^^^^^^^^^^^^^^^^^^^^^^^^^^^^^^^^
AssertionError: 68.03741729736328 not less than 68 : Cart beyond supported floor

======================================================================
FAIL: test_picking_bin_product_has_support (__main__.MasterTests.test_picking_bin_product_has_support)
----------------------------------------------------------------------
Traceback (most recent call last):
  File "F:\pnpline-landing\hero-section-video\blockout\blockout-master-v001\scripts\test_scene.py", line 190, in test_picking_bin_product_has_support
    prod=self.root('W04_PICK_BIN_PRODUCT');shelf=self.root('W04_PICK_BIN_SUPPORT')
                                                 ~~~~~~~~~^^^^^^^^^^^^^^^^^^^^^^^^
  File "F:\pnpline-landing\hero-section-video\blockout\blockout-master-v001\scripts\test_scene.py", line 18, in root
    self.assertIsNotNone(obj, 'Required scene instance missing: '+name)
    ~~~~~~~~~~~~~~~~~~~~^^^^^^^^^^^^^^^^^^^^^^^^^^^^^^^^^^^^^^^^^^^^^^^
AssertionError: unexpectedly None : Required scene instance missing: W04_PICK_BIN_SUPPORT

======================================================================
FAIL: test_secondary_heading_matches_merge_motion (__main__.MasterTests.test_secondary_heading_matches_merge_motion)
----------------------------------------------------------------------
Traceback (most recent call last):
  File "F:\pnpline-landing\hero-section-video\blockout\blockout-master-v001\scripts\test_scene.py", line 213, in test_secondary_heading_matches_merge_motion
    self.assertGreater(forward.normalized().dot((b-a).normalized()),.999,f'lateral slide f{f}')
    ~~~~~~~~~~~~~~~~~~^^^^^^^^^^^^^^^^^^^^^^^^^^^^^^^^^^^^^^^^^^^^^^^^^^^^^^^^^^^^^^^^^^^^^^^^^
AssertionError: 0.8835574826225638 not greater than 0.999 : lateral slide f1233

----------------------------------------------------------------------
Ran 18 tests in 1.170s

FAILED (failures=6)
Blender 5.1.0 (hash adfe2921d5f3 built 2026-03-17 01:37:32)
