00:01.109  blend            | Read blend: "F:\pnpline-landing\hero-section-video\blockout\blockout-master-v001\master-v001.blend"
00:02.297  render           | Saved: 'F:\pnpline-landing\hero-section-video\blockout\blockout-master-v001\review\main-f0001.png'
00:02.406  render           | Saved: 'F:\pnpline-landing\hero-section-video\blockout\blockout-master-v001\review\main-f0060.png'
00:02.500  render           | Saved: 'F:\pnpline-landing\hero-section-video\blockout\blockout-master-v001\review\main-f0084.png'
00:02.594  render           | Saved: 'F:\pnpline-landing\hero-section-video\blockout\blockout-master-v001\review\main-f0096.png'
00:02.688  render           | Saved: 'F:\pnpline-landing\hero-section-video\blockout\blockout-master-v001\review\main-f0160.png'
00:02.766  render           | Saved: 'F:\pnpline-landing\hero-section-video\blockout\blockout-master-v001\review\main-f0216.png'
00:02.859  render           | Saved: 'F:\pnpline-landing\hero-section-video\blockout\blockout-master-v001\review\main-f0275.png'
00:02.938  render           | Saved: 'F:\pnpline-landing\hero-section-video\blockout\blockout-master-v001\review\main-f0325.png'
00:03.031  render           | Saved: 'F:\pnpline-landing\hero-section-video\blockout\blockout-master-v001\review\main-f0380.png'
00:03.125  render           | Saved: 'F:\pnpline-landing\hero-section-video\blockout\blockout-master-v001\review\main-f0420.png'
00:03.219  render           | Saved: 'F:\pnpline-landing\hero-section-video\blockout\blockout-master-v001\review\main-f0456.png'
00:03.313  render           | Saved: 'F:\pnpline-landing\hero-section-video\blockout\blockout-master-v001\review\main-f0510.png'
00:03.391  render           | Saved: 'F:\pnpline-landing\hero-section-video\blockout\blockout-master-v001\review\main-f0552.png'
00:03.484  render           | Saved: 'F:\pnpline-landing\hero-section-video\blockout\blockout-master-v001\review\main-f0580.png'
00:03.578  render           | Saved: 'F:\pnpline-landing\hero-section-video\blockout\blockout-master-v001\review\main-f0632.png'
00:03.672  render           | Saved: 'F:\pnpline-landing\hero-section-video\blockout\blockout-master-v001\review\main-f0648.png'
00:03.766  render           | Saved: 'F:\pnpline-landing\hero-section-video\blockout\blockout-master-v001\review\main-f0710.png'
00:03.875  render           | Saved: 'F:\pnpline-landing\hero-section-video\blockout\blockout-master-v001\review\main-f0760.png'
00:03.969  render           | Saved: 'F:\pnpline-landing\hero-section-video\blockout\blockout-master-v001\review\main-f0810.png'
00:04.063  render           | Saved: 'F:\pnpline-landing\hero-section-video\blockout\blockout-master-v001\review\main-f0842.png'
00:04.156  render           | Saved: 'F:\pnpline-landing\hero-section-video\blockout\blockout-master-v001\review\main-f0872.png'
00:04.250  render           | Saved: 'F:\pnpline-landing\hero-section-video\blockout\blockout-master-v001\review\main-f0900.png'
00:04.344  render           | Saved: 'F:\pnpline-landing\hero-section-video\blockout\blockout-master-v001\review\main-f0935.png'
00:04.453  render           | Saved: 'F:\pnpline-landing\hero-section-video\blockout\blockout-master-v001\review\main-f0966.png'
00:04.531  render           | Saved: 'F:\pnpline-landing\hero-section-video\blockout\blockout-master-v001\review\main-f1015.png'
00:04.625  render           | Saved: 'F:\pnpline-landing\hero-section-video\blockout\blockout-master-v001\review\main-f1060.png'
00:04.719  render           | Saved: 'F:\pnpline-landing\hero-section-video\blockout\blockout-master-v001\review\main-f1105.png'
00:04.813  render           | Saved: 'F:\pnpline-landing\hero-section-video\blockout\blockout-master-v001\review\main-f1158.png'
00:04.906  render           | Saved: 'F:\pnpline-landing\hero-section-video\blockout\blockout-master-v001\review\main-f1200.png'
00:05.000  render           | Saved: 'F:\pnpline-landing\hero-section-video\blockout\blockout-master-v001\review\main-f1260.png'
00:05.094  render           | Saved: 'F:\pnpline-landing\hero-section-video\blockout\blockout-master-v001\review\main-f1320.png'
00:05.188  render           | Saved: 'F:\pnpline-landing\hero-section-video\blockout\blockout-master-v001\review\main-f1392.png'
00:05.313  render           | Saved: 'F:\pnpline-landing\hero-section-video\blockout\blockout-master-v001\review\world-layout-f0325.png'
00:05.438  render           | Saved: 'F:\pnpline-landing\hero-section-video\blockout\blockout-master-v001\review\china-departure-f0160.png'
00:05.547  render           | Saved: 'F:\pnpline-landing\hero-section-video\blockout\blockout-master-v001\review\us-network-f1200.png'
00:05.656  render           | Saved: 'F:\pnpline-landing\hero-section-video\blockout\blockout-master-v001\review\warehouse-layout-f1060.png'
00:05.766  render           | Saved: 'F:\pnpline-landing\hero-section-video\blockout\blockout-master-v001\review\S5-yard-top-f0710.png'
00:05.875  render           | Saved: 'F:\pnpline-landing\hero-section-video\blockout\blockout-master-v001\review\S5-yard-side-f0710.png'
00:05.984  render           | Saved: 'F:\pnpline-landing\hero-section-video\blockout\blockout-master-v001\review\S5-yard-top-f0760.png'
00:06.094  render           | Saved: 'F:\pnpline-landing\hero-section-video\blockout\blockout-master-v001\review\S5-yard-side-f0760.png'
00:06.188  render           | Saved: 'F:\pnpline-landing\hero-section-video\blockout\blockout-master-v001\review\S5-yard-top-f0810.png'
00:06.297  render           | Saved: 'F:\pnpline-landing\hero-section-video\blockout\blockout-master-v001\review\S5-yard-side-f0810.png'
00:06.422  render           | Saved: 'F:\pnpline-landing\hero-section-video\blockout\blockout-master-v001\review\S5-yard-top-f0842.png'
00:06.516  render           | Saved: 'F:\pnpline-landing\hero-section-video\blockout\blockout-master-v001\review\S5-yard-side-f0842.png'
00:06.625  render           | Saved: 'F:\pnpline-landing\hero-section-video\blockout\blockout-master-v001\review\S5-yard-top-f0872.png'
00:06.703  render           | Saved: 'F:\pnpline-landing\hero-section-video\blockout\blockout-master-v001\review\S5-yard-side-f0872.png'
00:06.813  render           | Saved: 'F:\pnpline-landing\hero-section-video\blockout\blockout-master-v001\review\S5-yard-top-f0900.png'
00:06.906  render           | Saved: 'F:\pnpline-landing\hero-section-video\blockout\blockout-master-v001\review\S5-yard-side-f0900.png'
00:07.016  render           | Saved: 'F:\pnpline-landing\hero-section-video\blockout\blockout-master-v001\review\boundary-96-f0095.png'
00:07.125  render           | Saved: 'F:\pnpline-landing\hero-section-video\blockout\blockout-master-v001\review\boundary-96-f0096.png'
00:07.219  render           | Saved: 'F:\pnpline-landing\hero-section-video\blockout\blockout-master-v001\review\boundary-96-f0097.png'
00:07.313  render           | Saved: 'F:\pnpline-landing\hero-section-video\blockout\blockout-master-v001\review\boundary-216-f0215.png'
00:07.406  render           | Saved: 'F:\pnpline-landing\hero-section-video\blockout\blockout-master-v001\review\boundary-216-f0216.png'
00:07.500  render           | Saved: 'F:\pnpline-landing\hero-section-video\blockout\blockout-master-v001\review\boundary-216-f0217.png'
00:07.594  render           | Saved: 'F:\pnpline-landing\hero-section-video\blockout\blockout-master-v001\review\boundary-456-f0455.png'
00:07.703  render           | Saved: 'F:\pnpline-landing\hero-section-video\blockout\blockout-master-v001\review\boundary-456-f0456.png'
00:07.797  render           | Saved: 'F:\pnpline-landing\hero-section-video\blockout\blockout-master-v001\review\boundary-456-f0457.png'
00:07.906  render           | Saved: 'F:\pnpline-landing\hero-section-video\blockout\blockout-master-v001\review\boundary-648-f0647.png'
00:08.000  render           | Saved: 'F:\pnpline-landing\hero-section-video\blockout\blockout-master-v001\review\boundary-648-f0648.png'
00:08.094  render           | Saved: 'F:\pnpline-landing\hero-section-video\blockout\blockout-master-v001\review\boundary-648-f0649.png'
00:08.172  render           | Saved: 'F:\pnpline-landing\hero-section-video\blockout\blockout-master-v001\review\boundary-900-f0899.png'
00:08.266  render           | Saved: 'F:\pnpline-landing\hero-section-video\blockout\blockout-master-v001\review\boundary-900-f0900.png'
00:08.359  render           | Saved: 'F:\pnpline-landing\hero-section-video\blockout\blockout-master-v001\review\boundary-900-f0901.png'
00:08.453  render           | Saved: 'F:\pnpline-landing\hero-section-video\blockout\blockout-master-v001\review\boundary-1200-f1199.png'
00:08.547  render           | Saved: 'F:\pnpline-landing\hero-section-video\blockout\blockout-master-v001\review\boundary-1200-f1200.png'
00:08.641  render           | Saved: 'F:\pnpline-landing\hero-section-video\blockout\blockout-master-v001\review\boundary-1200-f1201.png'
REVIEW_RENDERED 32 main frames
Blender 5.1.0 (hash adfe2921d5f3 built 2026-03-17 01:37:32)

Blender quit
