00:01.016  blend            | Read blend: "F:\pnpline-landing\hero-section-video\blockout\blockout-master-v001\master-v001.blend"
00:01.687  render           | Saved: 'F:\pnpline-landing\hero-section-video\blockout\blockout-master-v001\review\main-f0001.png'
00:01.781  render           | Saved: 'F:\pnpline-landing\hero-section-video\blockout\blockout-master-v001\review\main-f0060.png'
00:01.859  render           | Saved: 'F:\pnpline-landing\hero-section-video\blockout\blockout-master-v001\review\main-f0084.png'
00:01.937  render           | Saved: 'F:\pnpline-landing\hero-section-video\blockout\blockout-master-v001\review\main-f0096.png'
00:02.016  render           | Saved: 'F:\pnpline-landing\hero-section-video\blockout\blockout-master-v001\review\main-f0160.png'
00:02.094  render           | Saved: 'F:\pnpline-landing\hero-section-video\blockout\blockout-master-v001\review\main-f0216.png'
00:02.172  render           | Saved: 'F:\pnpline-landing\hero-section-video\blockout\blockout-master-v001\review\main-f0275.png'
00:02.250  render           | Saved: 'F:\pnpline-landing\hero-section-video\blockout\blockout-master-v001\review\main-f0325.png'
00:02.328  render           | Saved: 'F:\pnpline-landing\hero-section-video\blockout\blockout-master-v001\review\main-f0380.png'
00:02.422  render           | Saved: 'F:\pnpline-landing\hero-section-video\blockout\blockout-master-v001\review\main-f0420.png'
00:02.531  render           | Saved: 'F:\pnpline-landing\hero-section-video\blockout\blockout-master-v001\review\main-f0456.png'
00:02.641  render           | Saved: 'F:\pnpline-landing\hero-section-video\blockout\blockout-master-v001\review\main-f0510.png'
00:02.750  render           | Saved: 'F:\pnpline-landing\hero-section-video\blockout\blockout-master-v001\review\main-f0552.png'
00:02.875  render           | Saved: 'F:\pnpline-landing\hero-section-video\blockout\blockout-master-v001\review\main-f0580.png'
00:02.984  render           | Saved: 'F:\pnpline-landing\hero-section-video\blockout\blockout-master-v001\review\main-f0632.png'
00:03.094  render           | Saved: 'F:\pnpline-landing\hero-section-video\blockout\blockout-master-v001\review\main-f0648.png'
00:03.187  render           | Saved: 'F:\pnpline-landing\hero-section-video\blockout\blockout-master-v001\review\main-f0710.png'
00:03.266  render           | Saved: 'F:\pnpline-landing\hero-section-video\blockout\blockout-master-v001\review\main-f0760.png'
00:03.344  render           | Saved: 'F:\pnpline-landing\hero-section-video\blockout\blockout-master-v001\review\main-f0810.png'
00:03.422  render           | Saved: 'F:\pnpline-landing\hero-section-video\blockout\blockout-master-v001\review\main-f0842.png'
00:03.500  render           | Saved: 'F:\pnpline-landing\hero-section-video\blockout\blockout-master-v001\review\main-f0872.png'
00:03.578  render           | Saved: 'F:\pnpline-landing\hero-section-video\blockout\blockout-master-v001\review\main-f0900.png'
00:03.656  render           | Saved: 'F:\pnpline-landing\hero-section-video\blockout\blockout-master-v001\review\main-f0935.png'
00:03.750  render           | Saved: 'F:\pnpline-landing\hero-section-video\blockout\blockout-master-v001\review\main-f0966.png'
00:03.828  render           | Saved: 'F:\pnpline-landing\hero-section-video\blockout\blockout-master-v001\review\main-f1015.png'
00:03.922  render           | Saved: 'F:\pnpline-landing\hero-section-video\blockout\blockout-master-v001\review\main-f1060.png'
00:04.000  render           | Saved: 'F:\pnpline-landing\hero-section-video\blockout\blockout-master-v001\review\main-f1105.png'
00:04.078  render           | Saved: 'F:\pnpline-landing\hero-section-video\blockout\blockout-master-v001\review\main-f1158.png'
00:04.156  render           | Saved: 'F:\pnpline-landing\hero-section-video\blockout\blockout-master-v001\review\main-f1200.png'
00:04.234  render           | Saved: 'F:\pnpline-landing\hero-section-video\blockout\blockout-master-v001\review\main-f1260.png'
00:04.328  render           | Saved: 'F:\pnpline-landing\hero-section-video\blockout\blockout-master-v001\review\main-f1320.png'
00:04.406  render           | Saved: 'F:\pnpline-landing\hero-section-video\blockout\blockout-master-v001\review\main-f1392.png'
00:04.484  render           | Saved: 'F:\pnpline-landing\hero-section-video\blockout\blockout-master-v001\review\world-layout-f0325.png'
00:04.578  render           | Saved: 'F:\pnpline-landing\hero-section-video\blockout\blockout-master-v001\review\china-departure-f0160.png'
00:04.656  render           | Saved: 'F:\pnpline-landing\hero-section-video\blockout\blockout-master-v001\review\us-network-f1200.png'
00:04.734  render           | Saved: 'F:\pnpline-landing\hero-section-video\blockout\blockout-master-v001\review\warehouse-layout-f1060.png'
00:04.812  render           | Saved: 'F:\pnpline-landing\hero-section-video\blockout\blockout-master-v001\review\S5-yard-top-f0710.png'
00:04.891  render           | Saved: 'F:\pnpline-landing\hero-section-video\blockout\blockout-master-v001\review\S5-yard-side-f0710.png'
00:04.969  render           | Saved: 'F:\pnpline-landing\hero-section-video\blockout\blockout-master-v001\review\S5-yard-top-f0760.png'
00:05.062  render           | Saved: 'F:\pnpline-landing\hero-section-video\blockout\blockout-master-v001\review\S5-yard-side-f0760.png'
00:05.141  render           | Saved: 'F:\pnpline-landing\hero-section-video\blockout\blockout-master-v001\review\S5-yard-top-f0810.png'
00:05.219  render           | Saved: 'F:\pnpline-landing\hero-section-video\blockout\blockout-master-v001\review\S5-yard-side-f0810.png'
00:05.312  render           | Saved: 'F:\pnpline-landing\hero-section-video\blockout\blockout-master-v001\review\S5-yard-top-f0842.png'
00:05.391  render           | Saved: 'F:\pnpline-landing\hero-section-video\blockout\blockout-master-v001\review\S5-yard-side-f0842.png'
00:05.469  render           | Saved: 'F:\pnpline-landing\hero-section-video\blockout\blockout-master-v001\review\S5-yard-top-f0872.png'
00:05.562  render           | Saved: 'F:\pnpline-landing\hero-section-video\blockout\blockout-master-v001\review\S5-yard-side-f0872.png'
00:05.641  render           | Saved: 'F:\pnpline-landing\hero-section-video\blockout\blockout-master-v001\review\S5-yard-top-f0900.png'
00:05.719  render           | Saved: 'F:\pnpline-landing\hero-section-video\blockout\blockout-master-v001\review\S5-yard-side-f0900.png'
00:05.812  render           | Saved: 'F:\pnpline-landing\hero-section-video\blockout\blockout-master-v001\review\boundary-96-f0095.png'
00:05.906  render           | Saved: 'F:\pnpline-landing\hero-section-video\blockout\blockout-master-v001\review\boundary-96-f0096.png'
00:05.984  render           | Saved: 'F:\pnpline-landing\hero-section-video\blockout\blockout-master-v001\review\boundary-96-f0097.png'
00:06.078  render           | Saved: 'F:\pnpline-landing\hero-section-video\blockout\blockout-master-v001\review\boundary-216-f0215.png'
00:06.156  render           | Saved: 'F:\pnpline-landing\hero-section-video\blockout\blockout-master-v001\review\boundary-216-f0216.png'
00:06.234  render           | Saved: 'F:\pnpline-landing\hero-section-video\blockout\blockout-master-v001\review\boundary-216-f0217.png'
00:06.312  render           | Saved: 'F:\pnpline-landing\hero-section-video\blockout\blockout-master-v001\review\boundary-456-f0455.png'
00:06.406  render           | Saved: 'F:\pnpline-landing\hero-section-video\blockout\blockout-master-v001\review\boundary-456-f0456.png'
00:06.484  render           | Saved: 'F:\pnpline-landing\hero-section-video\blockout\blockout-master-v001\review\boundary-456-f0457.png'
00:06.562  render           | Saved: 'F:\pnpline-landing\hero-section-video\blockout\blockout-master-v001\review\boundary-648-f0647.png'
00:06.656  render           | Saved: 'F:\pnpline-landing\hero-section-video\blockout\blockout-master-v001\review\boundary-648-f0648.png'
00:06.750  render           | Saved: 'F:\pnpline-landing\hero-section-video\blockout\blockout-master-v001\review\boundary-648-f0649.png'
00:06.828  render           | Saved: 'F:\pnpline-landing\hero-section-video\blockout\blockout-master-v001\review\boundary-900-f0899.png'
00:06.906  render           | Saved: 'F:\pnpline-landing\hero-section-video\blockout\blockout-master-v001\review\boundary-900-f0900.png'
00:07.000  render           | Saved: 'F:\pnpline-landing\hero-section-video\blockout\blockout-master-v001\review\boundary-900-f0901.png'
00:07.078  render           | Saved: 'F:\pnpline-landing\hero-section-video\blockout\blockout-master-v001\review\boundary-1200-f1199.png'
00:07.172  render           | Saved: 'F:\pnpline-landing\hero-section-video\blockout\blockout-master-v001\review\boundary-1200-f1200.png'
00:07.250  render           | Saved: 'F:\pnpline-landing\hero-section-video\blockout\blockout-master-v001\review\boundary-1200-f1201.png'
REVIEW_RENDERED 32 main frames
Blender 5.1.0 (hash adfe2921d5f3 built 2026-03-17 01:37:32)

Blender quit
