00:01.047  blend            | Read blend: "F:\pnpline-landing\hero-section-video\blockout\blockout-master-v001\master-v001.blend"
00:01.797  render           | Saved: 'F:\pnpline-landing\hero-section-video\blockout\blockout-master-v001\review\main-f0001.png'
00:01.891  render           | Saved: 'F:\pnpline-landing\hero-section-video\blockout\blockout-master-v001\review\main-f0060.png'
00:01.969  render           | Saved: 'F:\pnpline-landing\hero-section-video\blockout\blockout-master-v001\review\main-f0084.png'
00:02.063  render           | Saved: 'F:\pnpline-landing\hero-section-video\blockout\blockout-master-v001\review\main-f0096.png'
00:02.141  render           | Saved: 'F:\pnpline-landing\hero-section-video\blockout\blockout-master-v001\review\main-f0160.png'
00:02.219  render           | Saved: 'F:\pnpline-landing\hero-section-video\blockout\blockout-master-v001\review\main-f0216.png'
00:02.313  render           | Saved: 'F:\pnpline-landing\hero-section-video\blockout\blockout-master-v001\review\main-f0275.png'
00:02.391  render           | Saved: 'F:\pnpline-landing\hero-section-video\blockout\blockout-master-v001\review\main-f0325.png'
00:02.485  render           | Saved: 'F:\pnpline-landing\hero-section-video\blockout\blockout-master-v001\review\main-f0380.png'
00:02.563  render           | Saved: 'F:\pnpline-landing\hero-section-video\blockout\blockout-master-v001\review\main-f0420.png'
00:02.641  render           | Saved: 'F:\pnpline-landing\hero-section-video\blockout\blockout-master-v001\review\main-f0456.png'
00:02.719  render           | Saved: 'F:\pnpline-landing\hero-section-video\blockout\blockout-master-v001\review\main-f0510.png'
00:02.797  render           | Saved: 'F:\pnpline-landing\hero-section-video\blockout\blockout-master-v001\review\main-f0552.png'
00:02.875  render           | Saved: 'F:\pnpline-landing\hero-section-video\blockout\blockout-master-v001\review\main-f0580.png'
00:02.969  render           | Saved: 'F:\pnpline-landing\hero-section-video\blockout\blockout-master-v001\review\main-f0632.png'
00:03.047  render           | Saved: 'F:\pnpline-landing\hero-section-video\blockout\blockout-master-v001\review\main-f0648.png'
00:03.141  render           | Saved: 'F:\pnpline-landing\hero-section-video\blockout\blockout-master-v001\review\main-f0710.png'
00:03.219  render           | Saved: 'F:\pnpline-landing\hero-section-video\blockout\blockout-master-v001\review\main-f0760.png'
00:03.313  render           | Saved: 'F:\pnpline-landing\hero-section-video\blockout\blockout-master-v001\review\main-f0810.png'
00:03.407  render           | Saved: 'F:\pnpline-landing\hero-section-video\blockout\blockout-master-v001\review\main-f0842.png'
00:03.500  render           | Saved: 'F:\pnpline-landing\hero-section-video\blockout\blockout-master-v001\review\main-f0872.png'
00:03.578  render           | Saved: 'F:\pnpline-landing\hero-section-video\blockout\blockout-master-v001\review\main-f0900.png'
00:03.672  render           | Saved: 'F:\pnpline-landing\hero-section-video\blockout\blockout-master-v001\review\main-f0935.png'
00:03.750  render           | Saved: 'F:\pnpline-landing\hero-section-video\blockout\blockout-master-v001\review\main-f0966.png'
00:03.844  render           | Saved: 'F:\pnpline-landing\hero-section-video\blockout\blockout-master-v001\review\main-f1015.png'
00:03.938  render           | Saved: 'F:\pnpline-landing\hero-section-video\blockout\blockout-master-v001\review\main-f1060.png'
00:04.032  render           | Saved: 'F:\pnpline-landing\hero-section-video\blockout\blockout-master-v001\review\main-f1105.png'
00:04.125  render           | Saved: 'F:\pnpline-landing\hero-section-video\blockout\blockout-master-v001\review\main-f1158.png'
00:04.203  render           | Saved: 'F:\pnpline-landing\hero-section-video\blockout\blockout-master-v001\review\main-f1200.png'
00:04.297  render           | Saved: 'F:\pnpline-landing\hero-section-video\blockout\blockout-master-v001\review\main-f1260.png'
00:04.391  render           | Saved: 'F:\pnpline-landing\hero-section-video\blockout\blockout-master-v001\review\main-f1320.png'
00:04.485  render           | Saved: 'F:\pnpline-landing\hero-section-video\blockout\blockout-master-v001\review\main-f1392.png'
00:04.578  render           | Saved: 'F:\pnpline-landing\hero-section-video\blockout\blockout-master-v001\review\world-layout-f0325.png'
00:04.688  render           | Saved: 'F:\pnpline-landing\hero-section-video\blockout\blockout-master-v001\review\china-departure-f0160.png'
00:04.782  render           | Saved: 'F:\pnpline-landing\hero-section-video\blockout\blockout-master-v001\review\us-network-f1200.png'
00:04.891  render           | Saved: 'F:\pnpline-landing\hero-section-video\blockout\blockout-master-v001\review\warehouse-layout-f1060.png'
00:04.985  render           | Saved: 'F:\pnpline-landing\hero-section-video\blockout\blockout-master-v001\review\S5-yard-top-f0710.png'
00:05.110  render           | Saved: 'F:\pnpline-landing\hero-section-video\blockout\blockout-master-v001\review\S5-yard-side-f0710.png'
00:05.219  render           | Saved: 'F:\pnpline-landing\hero-section-video\blockout\blockout-master-v001\review\S5-yard-top-f0760.png'
00:05.360  render           | Saved: 'F:\pnpline-landing\hero-section-video\blockout\blockout-master-v001\review\S5-yard-side-f0760.png'
00:05.453  render           | Saved: 'F:\pnpline-landing\hero-section-video\blockout\blockout-master-v001\review\S5-yard-top-f0810.png'
00:05.547  render           | Saved: 'F:\pnpline-landing\hero-section-video\blockout\blockout-master-v001\review\S5-yard-side-f0810.png'
00:05.657  render           | Saved: 'F:\pnpline-landing\hero-section-video\blockout\blockout-master-v001\review\S5-yard-top-f0842.png'
00:05.735  render           | Saved: 'F:\pnpline-landing\hero-section-video\blockout\blockout-master-v001\review\S5-yard-side-f0842.png'
00:05.844  render           | Saved: 'F:\pnpline-landing\hero-section-video\blockout\blockout-master-v001\review\S5-yard-top-f0872.png'
00:05.938  render           | Saved: 'F:\pnpline-landing\hero-section-video\blockout\blockout-master-v001\review\S5-yard-side-f0872.png'
00:06.032  render           | Saved: 'F:\pnpline-landing\hero-section-video\blockout\blockout-master-v001\review\S5-yard-top-f0900.png'
00:06.141  render           | Saved: 'F:\pnpline-landing\hero-section-video\blockout\blockout-master-v001\review\S5-yard-side-f0900.png'
00:06.250  render           | Saved: 'F:\pnpline-landing\hero-section-video\blockout\blockout-master-v001\review\boundary-96-f0095.png'
00:06.360  render           | Saved: 'F:\pnpline-landing\hero-section-video\blockout\blockout-master-v001\review\boundary-96-f0096.png'
00:06.453  render           | Saved: 'F:\pnpline-landing\hero-section-video\blockout\blockout-master-v001\review\boundary-96-f0097.png'
00:06.563  render           | Saved: 'F:\pnpline-landing\hero-section-video\blockout\blockout-master-v001\review\boundary-216-f0215.png'
00:06.657  render           | Saved: 'F:\pnpline-landing\hero-section-video\blockout\blockout-master-v001\review\boundary-216-f0216.png'
00:06.782  render           | Saved: 'F:\pnpline-landing\hero-section-video\blockout\blockout-master-v001\review\boundary-216-f0217.png'
00:06.875  render           | Saved: 'F:\pnpline-landing\hero-section-video\blockout\blockout-master-v001\review\boundary-456-f0455.png'
00:06.985  render           | Saved: 'F:\pnpline-landing\hero-section-video\blockout\blockout-master-v001\review\boundary-456-f0456.png'
00:07.094  render           | Saved: 'F:\pnpline-landing\hero-section-video\blockout\blockout-master-v001\review\boundary-456-f0457.png'
00:07.203  render           | Saved: 'F:\pnpline-landing\hero-section-video\blockout\blockout-master-v001\review\boundary-648-f0647.png'
00:07.297  render           | Saved: 'F:\pnpline-landing\hero-section-video\blockout\blockout-master-v001\review\boundary-648-f0648.png'
00:07.407  render           | Saved: 'F:\pnpline-landing\hero-section-video\blockout\blockout-master-v001\review\boundary-648-f0649.png'
00:07.516  render           | Saved: 'F:\pnpline-landing\hero-section-video\blockout\blockout-master-v001\review\boundary-900-f0899.png'
00:07.625  render           | Saved: 'F:\pnpline-landing\hero-section-video\blockout\blockout-master-v001\review\boundary-900-f0900.png'
00:07.719  render           | Saved: 'F:\pnpline-landing\hero-section-video\blockout\blockout-master-v001\review\boundary-900-f0901.png'
00:07.813  render           | Saved: 'F:\pnpline-landing\hero-section-video\blockout\blockout-master-v001\review\boundary-1200-f1199.png'
00:07.907  render           | Saved: 'F:\pnpline-landing\hero-section-video\blockout\blockout-master-v001\review\boundary-1200-f1200.png'
00:08.000  render           | Saved: 'F:\pnpline-landing\hero-section-video\blockout\blockout-master-v001\review\boundary-1200-f1201.png'
REVIEW_RENDERED 32 main frames
Blender 5.1.0 (hash adfe2921d5f3 built 2026-03-17 01:37:32)

Blender quit
